// Jest Snapshot v1, https://goo.gl/fbAQLP

exports[`javascript template outputs android implementation if present in config 1`] = `
"import { PlatformColor } from 'react-native';

export const stringColor = PlatformColor('@android:color/stringColor');
export const alphaColor = PlatformColor('@android:color/alphaColor');
export const namedColor = PlatformColor('@android:color/namedColor');"
`;

exports[`javascript template outputs ios implementation if present in config 1`] = `
"import { PlatformColor } from 'react-native';

export const stringColor = PlatformColor('stringColor');
export const alphaColor = PlatformColor('alphaColor');
export const namedColor = PlatformColor('namedColor');"
`;

exports[`javascript template outputs type definitions if enabled in config 1`] = `
"export const stringColor: unknown;
export const alphaColor: unknown;
export const namedColor: unknown;"
`;

exports[`javascript template outputs typescript for web if enabled in config 1`] = `
"export const stringColor = 'var(--color-stringColor)';
export const alphaColor = 'var(--color-alphaColor)';
export const namedColor = 'var(--color-namedColor)';"
`;

exports[`javascript template outputs web implementation if present in config 1`] = `
"export const stringColor = 'var(--color-stringColor)';
export const alphaColor = 'var(--color-alphaColor)';
export const namedColor = 'var(--color-namedColor)';"
`;
